[      46ms] [ERROR] Failed to load resource: the server responded with a status of 404 (Not Found) @ http://localhost:38815/img/airbnb/hoi-an-feb-2026/photo-2.jpg:0
[      47ms] [ERROR] Failed to load resource: the server responded with a status of 404 (Not Found) @ http://localhost:38815/img/airbnb/hoi-an-feb-2026/photo-1.jpg:0
[      49ms] [ERROR] Failed to load resource: the server responded with a status of 404 (Not Found) @ http://localhost:38815/img/airbnb/hoi-an-feb-2026/photo-3.jpg:0
[      51ms] [ERROR] Failed to load resource: the server responded with a status of 404 (Not Found) @ http://localhost:38815/img/airbnb/hoi-an-feb-2026/photo-4.jpg:0
[     366ms] [WARNING] cdn.tailwindcss.com should not be used in production. To use Tailwind CSS in production, install it as a PostCSS plugin or use the Tailwind CLI: https://tailwindcss.com/docs/installation @ https://cdn.tailwindcss.com/:63
[     590ms] [ERROR] Failed to load resource: the server responded with a status of 404 (Not Found) @ http://localhost:38815/favicon.ico:0
[  118471ms] [ERROR] Failed to load resource: the server responded with a status of 404 (Not Found) @ http://localhost:38815/img/airbnb/hoi-an-feb-2026/photo-1.jpg:0
[  118472ms] [ERROR] Failed to load resource: the server responded with a status of 404 (Not Found) @ http://localhost:38815/img/airbnb/hoi-an-feb-2026/photo-2.jpg:0
[  118481ms] [ERROR] Failed to load resource: the server responded with a status of 404 (Not Found) @ http://localhost:38815/img/airbnb/hoi-an-feb-2026/photo-3.jpg:0
[  118482ms] [ERROR] Failed to load resource: the server responded with a status of 404 (Not Found) @ http://localhost:38815/img/airbnb/hoi-an-feb-2026/photo-4.jpg:0
[  118513ms] [WARNING] cdn.tailwindcss.com should not be used in production. To use Tailwind CSS in production, install it as a PostCSS plugin or use the Tailwind CLI: https://tailwindcss.com/docs/installation @ https://cdn.tailwindcss.com/:63
[  233471ms] [ERROR] Failed to load resource: the server responded with a status of 404 (Not Found) @ http://localhost:38815/img/airbnb/hoi-an-feb-2026/photo-1.jpg:0
[  233480ms] [WARNING] cdn.tailwindcss.com should not be used in production. To use Tailwind CSS in production, install it as a PostCSS plugin or use the Tailwind CLI: https://tailwindcss.com/docs/installation @ https://cdn.tailwindcss.com/:63
[  233557ms] [ERROR] Failed to load resource: the server responded with a status of 404 (Not Found) @ http://localhost:38815/img/airbnb/hoi-an-feb-2026/photo-2.jpg:0
[  233558ms] [ERROR] Failed to load resource: the server responded with a status of 404 (Not Found) @ http://localhost:38815/img/airbnb/hoi-an-feb-2026/photo-3.jpg:0
[  233560ms] [ERROR] Failed to load resource: the server responded with a status of 404 (Not Found) @ http://localhost:38815/img/airbnb/hoi-an-feb-2026/photo-4.jpg:0
[  238466ms] [ERROR] Failed to load resource: the server responded with a status of 404 (Not Found) @ http://localhost:38815/img/airbnb/hoi-an-feb-2026/photo-1.jpg:0
[  238467ms] [ERROR] Failed to load resource: the server responded with a status of 404 (Not Found) @ http://localhost:38815/img/airbnb/hoi-an-feb-2026/photo-2.jpg:0
[  238472ms] [WARNING] cdn.tailwindcss.com should not be used in production. To use Tailwind CSS in production, install it as a PostCSS plugin or use the Tailwind CLI: https://tailwindcss.com/docs/installation @ https://cdn.tailwindcss.com/:63
[  238529ms] [ERROR] Failed to load resource: the server responded with a status of 404 (Not Found) @ http://localhost:38815/img/airbnb/hoi-an-feb-2026/photo-3.jpg:0
[  238529ms] [ERROR] Failed to load resource: the server responded with a status of 404 (Not Found) @ http://localhost:38815/img/airbnb/hoi-an-feb-2026/photo-4.jpg:0
